media.log,media.log
media.audio_flinger,/system/bin/mediaserver
media.player,/system/bin/mediaserver
media.audio_policy,/system/bin/mediaserver
media.sound_trigger_hw,/system/bin/mediaserver
audio.om,/system/bin/mediaserver
media.camera,/system/bin/mediaserver
post.camera,/system/bin/mediaserver
huawei.audioalgoservice,/system/bin/mediaserver
sensorservice,system_server
powerprofile,system_server
hwext_device_service,system_server
batterystats,system_server
appops,system_server
power,system_server
display,system_server
package,system_server
user,system_server
activity,system_server
procstats,system_server
meminfo,system_server
gfxinfo,system_server
dbinfo,system_server
cpuinfo,system_server
permission,system_server
hardware,system_server
battery,system_server
usagestats,system_server
webviewupdate,system_server
scheduling_policy,system_server
telephony.registry,system_server
ProtocolParaManagerService,system_server
entropy,system_server
account,system_server
content,system_server
vibrator,system_server
consumer_ir,system_server
alarm,system_server
hwAlarmService,system_server
window,system_server
input,system_server
bluetooth_manager,system_server
input_method,system_server
accessibility,system_server
mount,system_server
lock_settings,system_server
device_policy,system_server
statusbar,system_server
clipboard,system_server
network_management,system_server
textservices,system_server
network_score,system_server
netstats,system_server
netpolicy,system_server
wifip2p,system_server
wifi,system_server
wifiscanner,system_server
rttmanager,system_server
connectivity,system_server
servicediscovery,system_server
updatelock,system_server
notification,system_server
devicestoragemonitor,system_server
location,system_server
country_detector,system_server
search,system_server
dropbox,system_server
wallpaper,system_server
audio,system_server
DockObserver,system_server
usb,system_server
serial,system_server
uimode,system_server
jobscheduler,system_server
backup,system_server
appwidget,system_server
voiceinteraction,system_server
smartcardservice,system_server
hwConnectivityExService,system_server
cover,system_server
hwUsbExService,system_server
diskstats,system_server
attestation_service,system_server
samplingprofiler,system_server
commontime_management,system_server
dreams,system_server
assetatlas,system_server
print,system_server
restrictions,system_server
media_session,system_server
media_router,system_server
trust,system_server
fingerprint,system_server
launcherapps,system_server
nonhardaccelpkgs,system_server
media_projection,system_server
jankshield,system_server
imms,system_server
system.hsmcore,system_server
easywakeup,system_server
netdetect.aidl,system_server
telecom,com.android.server.telecom
nfc,com.android.nfc
com.huawei.netassistant.binder.notificationcallbackbinder,com.huawei.systemmanager:service
com.huawei.systemmanager.netassistant.netpolicy.NatNetworkPolicyService,com.huawei.systemmanager:service
com.huawei.systemmanager.netassistant.netnotify.policy.NatTrafficNotifyService,com.huawei.systemmanager:service
com.huawei.netassistant.service.netassistantservice,com.huawei.systemmanager:service
com.huawei.systemmanager.rainbow.service,com.huawei.systemmanager:service
HsmStat,com.huawei.systemmanager:service
com.huawei.systemmanager.preventmode.PreventModeService,com.huawei.systemmanager:service
com.huawei.permissionmanager.service.holdservice,com.huawei.systemmanager:service
com.huawei.harassmentinterception.service.HarassmentInterceptionService,com.huawei.systemmanager:service
BastetService,system_server