media.audio_flinger,/system/bin/audioserver
media.player,/system/bin/mediaserver
media.resource_manager,/system/bin/mediaserver
media.audio_policy,/system/bin/audioserver
media.radio,/system/bin/audioserver
media.sound_trigger_hw,/system/bin/audioserver
netd,/system/bin/netd
batterystats,system_server
appops,system_server
power,system_server
display,system_server
media.camera,/system/bin/cameraserver
package,system_server
otadexopt,system_server
user,system_server
activity,system_server
procstats,system_server
meminfo,system_server
gfxinfo,system_server
dbinfo,system_server
cpuinfo,system_server
permission,system_server
processinfo,system_server
sensorservice,system_server
battery,system_server
usagestats,system_server
webviewupdate,system_server
scheduling_policy,system_server
telephony.registry,system_server
media.camera.proxy,system_server
account,system_server
account,system_server
content,system_server
vibrator,system_server
consumer_ir,system_server
alarm,system_server
window,system_server
input,system_server
vrmanager,system_server
pinner,system_server
input_method,system_server
accessibility,system_server
mount,system_server
uimode,system_server
lock_settings,system_server
persistent_data_block,system_server
deviceidle,system_server
device_policy,system_server
statusbar,system_server
clipboard,system_server
network_management,system_server
textservices,system_server
network_score,system_server
netstats,system_server
netpolicy,system_server
wifip2p,system_server
wifi,system_server
wifiscanner,system_server
rttmanager,system_server
ethernet,system_server
connectivity,system_server
servicediscovery,system_server
updatelock,system_server
recovery,system_server
notification,system_server
devicestoragemonitor,system_server
location,system_server
country_detector,system_server
search,system_server
dropbox,system_server
wallpaper,system_server
audio,system_server
DockObserver,system_server
midi,system_server
usb,system_server
serial,system_server
hardware_properties,system_server
jobscheduler,system_server
soundtrigger,system_server
backup,system_server
appwidget,system_server
voiceinteraction,system_server
diskstats,system_server
samplingprofiler,system_server
network_time_update_service,system_server
commontime_management,system_server
dreams,system_server
assetatlas,system_server
graphicsstats,system_server
print,system_server
restrictions,system_server
media_session,system_server
media_router,system_server
trust,system_server
fingerprint,system_server
shortcut,system_server
launcherapps,system_server
media_projection,system_server
imms,system_server
bluetooth_manager,system_server
connectivity_metrics_logger,system_server
dns_listener,system_server
contexthub_service,system_server
isub,com.android.phone
telecom,system_server
simphonebook,com.android.phone
iphonesubinfo,com.android.phone
isms,com.android.phone
phone,com.android.phone
carrier_config,com.android.phone
ims,com.android.phone
cneservice,com.quicinc.cne.CNEService
nfc,com.android.nfc
sip,com.android.phone
AtCmdFwd,com.qualcomm.telephony
